Symlinking /home/flag/Jiangyin2026/devel/lib/pkgconfig/super_msgs.pc
Symlinking /home/flag/Jiangyin2026/devel/lib/python3/dist-packages/super_msgs/__init__.py
Symlinking /home/flag/Jiangyin2026/devel/lib/python3/dist-packages/super_msgs/msg/_TrakingPerformance.py
Symlinking /home/flag/Jiangyin2026/devel/lib/python3/dist-packages/super_msgs/msg/_Flag.py
Symlinking /home/flag/Jiangyin2026/devel/lib/python3/dist-packages/super_msgs/msg/_MpcPositionCommand.py
Symlinking /home/flag/Jiangyin2026/devel/lib/python3/dist-packages/super_msgs/msg/_PolynomialTrajectory.py
Symlinking /home/flag/Jiangyin2026/devel/lib/python3/dist-packages/super_msgs/msg/__init__.py
Symlinking /home/flag/Jiangyin2026/devel/lib/python3/dist-packages/super_msgs/msg/_QuadrotorState.py
Symlinking /home/flag/Jiangyin2026/devel/lib/python3/dist-packages/super_msgs/msg/_PositionCommand.py
Symlinking /home/flag/Jiangyin2026/devel/share/super_msgs/cmake/super_msgsConfig-version.cmake
Symlinking /home/flag/Jiangyin2026/devel/share/super_msgs/cmake/super_msgs-msg-extras.cmake
Symlinking /home/flag/Jiangyin2026/devel/share/super_msgs/cmake/super_msgsConfig.cmake
Symlinking /home/flag/Jiangyin2026/devel/share/super_msgs/cmake/super_msgs-msg-paths.cmake
Symlinking /home/flag/Jiangyin2026/devel/share/common-lisp/ros/super_msgs/msg/_package.lisp
Symlinking /home/flag/Jiangyin2026/devel/share/common-lisp/ros/super_msgs/msg/_package_TrakingPerformance.lisp
Symlinking /home/flag/Jiangyin2026/devel/share/common-lisp/ros/super_msgs/msg/PositionCommand.lisp
Symlinking /home/flag/Jiangyin2026/devel/share/common-lisp/ros/super_msgs/msg/_package_PositionCommand.lisp
Symlinking /home/flag/Jiangyin2026/devel/share/common-lisp/ros/super_msgs/msg/MpcPositionCommand.lisp
Symlinking /home/flag/Jiangyin2026/devel/share/common-lisp/ros/super_msgs/msg/_package_PolynomialTrajectory.lisp
Symlinking /home/flag/Jiangyin2026/devel/share/common-lisp/ros/super_msgs/msg/super_msgs-msg.asd
Symlinking /home/flag/Jiangyin2026/devel/share/common-lisp/ros/super_msgs/msg/_package_Flag.lisp
Symlinking /home/flag/Jiangyin2026/devel/share/common-lisp/ros/super_msgs/msg/QuadrotorState.lisp
Symlinking /home/flag/Jiangyin2026/devel/share/common-lisp/ros/super_msgs/msg/PolynomialTrajectory.lisp
Symlinking /home/flag/Jiangyin2026/devel/share/common-lisp/ros/super_msgs/msg/_package_MpcPositionCommand.lisp
Symlinking /home/flag/Jiangyin2026/devel/share/common-lisp/ros/super_msgs/msg/_package_QuadrotorState.lisp
Symlinking /home/flag/Jiangyin2026/devel/share/common-lisp/ros/super_msgs/msg/TrakingPerformance.lisp
Symlinking /home/flag/Jiangyin2026/devel/share/common-lisp/ros/super_msgs/msg/Flag.lisp
Symlinking /home/flag/Jiangyin2026/devel/share/roseus/ros/super_msgs/manifest.l
Symlinking /home/flag/Jiangyin2026/devel/share/roseus/ros/super_msgs/msg/PositionCommand.l
Symlinking /home/flag/Jiangyin2026/devel/share/roseus/ros/super_msgs/msg/QuadrotorState.l
Symlinking /home/flag/Jiangyin2026/devel/share/roseus/ros/super_msgs/msg/MpcPositionCommand.l
Symlinking /home/flag/Jiangyin2026/devel/share/roseus/ros/super_msgs/msg/PolynomialTrajectory.l
Symlinking /home/flag/Jiangyin2026/devel/share/roseus/ros/super_msgs/msg/TrakingPerformance.l
Symlinking /home/flag/Jiangyin2026/devel/share/roseus/ros/super_msgs/msg/Flag.l
Symlinking /home/flag/Jiangyin2026/devel/share/gennodejs/ros/super_msgs/_index.js
Symlinking /home/flag/Jiangyin2026/devel/share/gennodejs/ros/super_msgs/msg/QuadrotorState.js
Symlinking /home/flag/Jiangyin2026/devel/share/gennodejs/ros/super_msgs/msg/MpcPositionCommand.js
Symlinking /home/flag/Jiangyin2026/devel/share/gennodejs/ros/super_msgs/msg/Flag.js
Symlinking /home/flag/Jiangyin2026/devel/share/gennodejs/ros/super_msgs/msg/PolynomialTrajectory.js
Symlinking /home/flag/Jiangyin2026/devel/share/gennodejs/ros/super_msgs/msg/TrakingPerformance.js
Symlinking /home/flag/Jiangyin2026/devel/share/gennodejs/ros/super_msgs/msg/_index.js
Symlinking /home/flag/Jiangyin2026/devel/share/gennodejs/ros/super_msgs/msg/PositionCommand.js
Symlinking /home/flag/Jiangyin2026/devel/include/super_msgs/QuadrotorState.h
Symlinking /home/flag/Jiangyin2026/devel/include/super_msgs/PolynomialTrajectory.h
Symlinking /home/flag/Jiangyin2026/devel/include/super_msgs/Flag.h
Symlinking /home/flag/Jiangyin2026/devel/include/super_msgs/MpcPositionCommand.h
Symlinking /home/flag/Jiangyin2026/devel/include/super_msgs/PositionCommand.h
Symlinking /home/flag/Jiangyin2026/devel/include/super_msgs/TrakingPerformance.h
