Scanning dependencies of target _super_msgs_generate_messages_check_deps_QuadrotorState
Scanning dependencies of target geometry_msgs_generate_messages_eus
[  0%] Built target geometry_msgs_generate_messages_eus
[  0%] Built target _super_msgs_generate_messages_check_deps_QuadrotorState
Scanning dependencies of target _super_msgs_generate_messages_check_deps_MpcPositionCommand
Scanning dependencies of target _super_msgs_generate_messages_check_deps_PositionCommand
[  0%] Built target _super_msgs_generate_messages_check_deps_MpcPositionCommand
Scanning dependencies of target _super_msgs_generate_messages_check_deps_PolynomialTrajectory
[  0%] Built target _super_msgs_generate_messages_check_deps_PositionCommand
[  0%] Built target _super_msgs_generate_messages_check_deps_PolynomialTrajectory
Scanning dependencies of target _super_msgs_generate_messages_check_deps_Flag
Scanning dependencies of target _super_msgs_generate_messages_check_deps_TrakingPerformance
Scanning dependencies of target nav_msgs_generate_messages_eus
[  0%] Built target _super_msgs_generate_messages_check_deps_Flag
[  0%] Built target nav_msgs_generate_messages_eus
Scanning dependencies of target geometry_msgs_generate_messages_py
[  0%] Built target _super_msgs_generate_messages_check_deps_TrakingPerformance
[  0%] Built target geometry_msgs_generate_messages_py
Scanning dependencies of target nav_msgs_generate_messages_py
Scanning dependencies of target geometry_msgs_generate_messages_nodejs
[  0%] Built target geometry_msgs_generate_messages_nodejs
[  0%] Built target nav_msgs_generate_messages_py
Scanning dependencies of target nav_msgs_generate_messages_nodejs
[  0%] Built target nav_msgs_generate_messages_nodejs
Scanning dependencies of target geometry_msgs_generate_messages_lisp
Scanning dependencies of target nav_msgs_generate_messages_lisp
Scanning dependencies of target geometry_msgs_generate_messages_cpp
[  0%] Built target geometry_msgs_generate_messages_lisp
[  0%] Built target nav_msgs_generate_messages_lisp
[  0%] Built target geometry_msgs_generate_messages_cpp
Scanning dependencies of target super_msgs_generate_messages_eus
Scanning dependencies of target nav_msgs_generate_messages_cpp
[  0%] Built target nav_msgs_generate_messages_cpp
Scanning dependencies of target super_msgs_generate_messages_py
[  3%] Generating EusLisp code from super_msgs/PositionCommand.msg
[  6%] Generating EusLisp code from super_msgs/MpcPositionCommand.msg
[  9%] Generating EusLisp code from super_msgs/PolynomialTrajectory.msg
[ 12%] Generating Python from MSG super_msgs/PositionCommand
[ 15%] Generating EusLisp code from super_msgs/TrakingPerformance.msg
[ 18%] Generating EusLisp code from super_msgs/QuadrotorState.msg
[ 21%] Generating EusLisp code from super_msgs/Flag.msg
[ 25%] Generating EusLisp manifest code for super_msgs
[ 28%] Generating Python from MSG super_msgs/MpcPositionCommand
[ 31%] Generating Python from MSG super_msgs/PolynomialTrajectory
Scanning dependencies of target super_msgs_generate_messages_nodejs
Scanning dependencies of target super_msgs_generate_messages_lisp
[ 34%] Generating Python from MSG super_msgs/TrakingPerformance
[ 37%] Generating Javascript code from super_msgs/PositionCommand.msg
[ 40%] Generating Python from MSG super_msgs/QuadrotorState
[ 43%] Generating Lisp code from super_msgs/PositionCommand.msg
[ 46%] Generating Python from MSG super_msgs/Flag
[ 50%] Generating Javascript code from super_msgs/PolynomialTrajectory.msg
[ 53%] Generating Javascript code from super_msgs/MpcPositionCommand.msg
[ 56%] Generating Lisp code from super_msgs/MpcPositionCommand.msg
[ 59%] Generating Javascript code from super_msgs/TrakingPerformance.msg
[ 62%] Generating Javascript code from super_msgs/QuadrotorState.msg
[ 65%] Generating Javascript code from super_msgs/Flag.msg
Scanning dependencies of target super_msgs_generate_messages_cpp
[ 71%] Generating Lisp code from super_msgs/TrakingPerformance.msg
[ 68%] Generating Lisp code from super_msgs/PolynomialTrajectory.msg
[ 75%] Generating C++ code from super_msgs/PositionCommand.msg
[ 75%] Built target super_msgs_generate_messages_nodejs
[ 78%] Generating Lisp code from super_msgs/Flag.msg
[ 81%] Generating Lisp code from super_msgs/QuadrotorState.msg
[ 84%] Generating C++ code from super_msgs/MpcPositionCommand.msg
[ 87%] Generating C++ code from super_msgs/PolynomialTrajectory.msg
[ 90%] Generating Python msg __init__.py for super_msgs
[ 90%] Built target super_msgs_generate_messages_lisp
[ 93%] Generating C++ code from super_msgs/TrakingPerformance.msg
[ 96%] Generating C++ code from super_msgs/QuadrotorState.msg
[ 96%] Built target super_msgs_generate_messages_eus
[100%] Generating C++ code from super_msgs/Flag.msg
[100%] Built target super_msgs_generate_messages_py
[100%] Built target super_msgs_generate_messages_cpp
Scanning dependencies of target super_msgs_generate_messages
[100%] Built target super_msgs_generate_messages
