Symlinking /home/flag/Jiangyin2026/devel/lib/libencode_msgs.so
Symlinking /home/flag/Jiangyin2026/devel/lib/libdecode_msgs.so
Symlinking /home/flag/Jiangyin2026/devel/lib/pkgconfig/quadrotor_msgs.pc
Symlinking /home/flag/Jiangyin2026/devel/lib/python3/dist-packages/quadrotor_msgs/__init__.py
Symlinking /home/flag/Jiangyin2026/devel/lib/python3/dist-packages/quadrotor_msgs/msg/_SO3Command.py
Symlinking /home/flag/Jiangyin2026/devel/lib/python3/dist-packages/quadrotor_msgs/msg/_PPROutputData.py
Symlinking /home/flag/Jiangyin2026/devel/lib/python3/dist-packages/quadrotor_msgs/msg/_Gains.py
Symlinking /home/flag/Jiangyin2026/devel/lib/python3/dist-packages/quadrotor_msgs/msg/_LQRTrajectory.py
Symlinking /home/flag/Jiangyin2026/devel/lib/python3/dist-packages/quadrotor_msgs/msg/_Serial.py
Symlinking /home/flag/Jiangyin2026/devel/lib/python3/dist-packages/quadrotor_msgs/msg/_GoalSet.py
Symlinking /home/flag/Jiangyin2026/devel/lib/python3/dist-packages/quadrotor_msgs/msg/_OutputData.py
Symlinking /home/flag/Jiangyin2026/devel/lib/python3/dist-packages/quadrotor_msgs/msg/_TRPYCommand.py
Symlinking /home/flag/Jiangyin2026/devel/lib/python3/dist-packages/quadrotor_msgs/msg/_PolynomialTrajectory.py
Symlinking /home/flag/Jiangyin2026/devel/lib/python3/dist-packages/quadrotor_msgs/msg/__init__.py
Symlinking /home/flag/Jiangyin2026/devel/lib/python3/dist-packages/quadrotor_msgs/msg/_Corrections.py
Symlinking /home/flag/Jiangyin2026/devel/lib/python3/dist-packages/quadrotor_msgs/msg/_StatusData.py
Symlinking /home/flag/Jiangyin2026/devel/lib/python3/dist-packages/quadrotor_msgs/msg/_PositionCommand.py
Symlinking /home/flag/Jiangyin2026/devel/lib/python3/dist-packages/quadrotor_msgs/msg/_Odometry.py
Symlinking /home/flag/Jiangyin2026/devel/lib/python3/dist-packages/quadrotor_msgs/msg/_AuxCommand.py
Symlinking /home/flag/Jiangyin2026/devel/share/quadrotor_msgs/cmake/quadrotor_msgs-msg-extras.cmake
Symlinking /home/flag/Jiangyin2026/devel/share/quadrotor_msgs/cmake/quadrotor_msgsConfig.cmake
Symlinking /home/flag/Jiangyin2026/devel/share/quadrotor_msgs/cmake/quadrotor_msgs-msg-paths.cmake
Symlinking /home/flag/Jiangyin2026/devel/share/quadrotor_msgs/cmake/quadrotor_msgsConfig-version.cmake
Symlinking /home/flag/Jiangyin2026/devel/share/common-lisp/ros/quadrotor_msgs/msg/_package.lisp
Symlinking /home/flag/Jiangyin2026/devel/share/common-lisp/ros/quadrotor_msgs/msg/_package_AuxCommand.lisp
Symlinking /home/flag/Jiangyin2026/devel/share/common-lisp/ros/quadrotor_msgs/msg/_package_Corrections.lisp
Symlinking /home/flag/Jiangyin2026/devel/share/common-lisp/ros/quadrotor_msgs/msg/_package_GoalSet.lisp
Symlinking /home/flag/Jiangyin2026/devel/share/common-lisp/ros/quadrotor_msgs/msg/_package_SO3Command.lisp
Symlinking /home/flag/Jiangyin2026/devel/share/common-lisp/ros/quadrotor_msgs/msg/TRPYCommand.lisp
Symlinking /home/flag/Jiangyin2026/devel/share/common-lisp/ros/quadrotor_msgs/msg/PositionCommand.lisp
Symlinking /home/flag/Jiangyin2026/devel/share/common-lisp/ros/quadrotor_msgs/msg/LQRTrajectory.lisp
Symlinking /home/flag/Jiangyin2026/devel/share/common-lisp/ros/quadrotor_msgs/msg/_package_PPROutputData.lisp
Symlinking /home/flag/Jiangyin2026/devel/share/common-lisp/ros/quadrotor_msgs/msg/_package_TRPYCommand.lisp
Symlinking /home/flag/Jiangyin2026/devel/share/common-lisp/ros/quadrotor_msgs/msg/_package_PositionCommand.lisp
Symlinking /home/flag/Jiangyin2026/devel/share/common-lisp/ros/quadrotor_msgs/msg/Odometry.lisp
Symlinking /home/flag/Jiangyin2026/devel/share/common-lisp/ros/quadrotor_msgs/msg/_package_Serial.lisp
Symlinking /home/flag/Jiangyin2026/devel/share/common-lisp/ros/quadrotor_msgs/msg/_package_Gains.lisp
Symlinking /home/flag/Jiangyin2026/devel/share/common-lisp/ros/quadrotor_msgs/msg/SO3Command.lisp
Symlinking /home/flag/Jiangyin2026/devel/share/common-lisp/ros/quadrotor_msgs/msg/_package_OutputData.lisp
Symlinking /home/flag/Jiangyin2026/devel/share/common-lisp/ros/quadrotor_msgs/msg/PPROutputData.lisp
Symlinking /home/flag/Jiangyin2026/devel/share/common-lisp/ros/quadrotor_msgs/msg/_package_PolynomialTrajectory.lisp
Symlinking /home/flag/Jiangyin2026/devel/share/common-lisp/ros/quadrotor_msgs/msg/AuxCommand.lisp
Symlinking /home/flag/Jiangyin2026/devel/share/common-lisp/ros/quadrotor_msgs/msg/_package_LQRTrajectory.lisp
Symlinking /home/flag/Jiangyin2026/devel/share/common-lisp/ros/quadrotor_msgs/msg/StatusData.lisp
Symlinking /home/flag/Jiangyin2026/devel/share/common-lisp/ros/quadrotor_msgs/msg/OutputData.lisp
Symlinking /home/flag/Jiangyin2026/devel/share/common-lisp/ros/quadrotor_msgs/msg/Serial.lisp
Symlinking /home/flag/Jiangyin2026/devel/share/common-lisp/ros/quadrotor_msgs/msg/_package_Odometry.lisp
Symlinking /home/flag/Jiangyin2026/devel/share/common-lisp/ros/quadrotor_msgs/msg/quadrotor_msgs-msg.asd
Symlinking /home/flag/Jiangyin2026/devel/share/common-lisp/ros/quadrotor_msgs/msg/_package_StatusData.lisp
Symlinking /home/flag/Jiangyin2026/devel/share/common-lisp/ros/quadrotor_msgs/msg/PolynomialTrajectory.lisp
Symlinking /home/flag/Jiangyin2026/devel/share/common-lisp/ros/quadrotor_msgs/msg/Gains.lisp
Symlinking /home/flag/Jiangyin2026/devel/share/common-lisp/ros/quadrotor_msgs/msg/Corrections.lisp
Symlinking /home/flag/Jiangyin2026/devel/share/common-lisp/ros/quadrotor_msgs/msg/GoalSet.lisp
Symlinking /home/flag/Jiangyin2026/devel/share/roseus/ros/quadrotor_msgs/manifest.l
Symlinking /home/flag/Jiangyin2026/devel/share/roseus/ros/quadrotor_msgs/msg/TRPYCommand.l
Symlinking /home/flag/Jiangyin2026/devel/share/roseus/ros/quadrotor_msgs/msg/GoalSet.l
Symlinking /home/flag/Jiangyin2026/devel/share/roseus/ros/quadrotor_msgs/msg/PositionCommand.l
Symlinking /home/flag/Jiangyin2026/devel/share/roseus/ros/quadrotor_msgs/msg/Corrections.l
Symlinking /home/flag/Jiangyin2026/devel/share/roseus/ros/quadrotor_msgs/msg/SO3Command.l
Symlinking /home/flag/Jiangyin2026/devel/share/roseus/ros/quadrotor_msgs/msg/StatusData.l
Symlinking /home/flag/Jiangyin2026/devel/share/roseus/ros/quadrotor_msgs/msg/LQRTrajectory.l
Symlinking /home/flag/Jiangyin2026/devel/share/roseus/ros/quadrotor_msgs/msg/PolynomialTrajectory.l
Symlinking /home/flag/Jiangyin2026/devel/share/roseus/ros/quadrotor_msgs/msg/PPROutputData.l
Symlinking /home/flag/Jiangyin2026/devel/share/roseus/ros/quadrotor_msgs/msg/Odometry.l
Symlinking /home/flag/Jiangyin2026/devel/share/roseus/ros/quadrotor_msgs/msg/OutputData.l
Symlinking /home/flag/Jiangyin2026/devel/share/roseus/ros/quadrotor_msgs/msg/Gains.l
Symlinking /home/flag/Jiangyin2026/devel/share/roseus/ros/quadrotor_msgs/msg/AuxCommand.l
Symlinking /home/flag/Jiangyin2026/devel/share/roseus/ros/quadrotor_msgs/msg/Serial.l
Symlinking /home/flag/Jiangyin2026/devel/share/gennodejs/ros/quadrotor_msgs/_index.js
Symlinking /home/flag/Jiangyin2026/devel/share/gennodejs/ros/quadrotor_msgs/msg/SO3Command.js
Symlinking /home/flag/Jiangyin2026/devel/share/gennodejs/ros/quadrotor_msgs/msg/Gains.js
Symlinking /home/flag/Jiangyin2026/devel/share/gennodejs/ros/quadrotor_msgs/msg/AuxCommand.js
Symlinking /home/flag/Jiangyin2026/devel/share/gennodejs/ros/quadrotor_msgs/msg/Corrections.js
Symlinking /home/flag/Jiangyin2026/devel/share/gennodejs/ros/quadrotor_msgs/msg/PPROutputData.js
Symlinking /home/flag/Jiangyin2026/devel/share/gennodejs/ros/quadrotor_msgs/msg/OutputData.js
Symlinking /home/flag/Jiangyin2026/devel/share/gennodejs/ros/quadrotor_msgs/msg/PolynomialTrajectory.js
Symlinking /home/flag/Jiangyin2026/devel/share/gennodejs/ros/quadrotor_msgs/msg/StatusData.js
Symlinking /home/flag/Jiangyin2026/devel/share/gennodejs/ros/quadrotor_msgs/msg/LQRTrajectory.js
Symlinking /home/flag/Jiangyin2026/devel/share/gennodejs/ros/quadrotor_msgs/msg/GoalSet.js
Symlinking /home/flag/Jiangyin2026/devel/share/gennodejs/ros/quadrotor_msgs/msg/_index.js
Symlinking /home/flag/Jiangyin2026/devel/share/gennodejs/ros/quadrotor_msgs/msg/Odometry.js
Symlinking /home/flag/Jiangyin2026/devel/share/gennodejs/ros/quadrotor_msgs/msg/Serial.js
Symlinking /home/flag/Jiangyin2026/devel/share/gennodejs/ros/quadrotor_msgs/msg/TRPYCommand.js
Symlinking /home/flag/Jiangyin2026/devel/share/gennodejs/ros/quadrotor_msgs/msg/PositionCommand.js
Symlinking /home/flag/Jiangyin2026/devel/include/quadrotor_msgs/AuxCommand.h
Symlinking /home/flag/Jiangyin2026/devel/include/quadrotor_msgs/Serial.h
Symlinking /home/flag/Jiangyin2026/devel/include/quadrotor_msgs/OutputData.h
Symlinking /home/flag/Jiangyin2026/devel/include/quadrotor_msgs/PolynomialTrajectory.h
Symlinking /home/flag/Jiangyin2026/devel/include/quadrotor_msgs/StatusData.h
Symlinking /home/flag/Jiangyin2026/devel/include/quadrotor_msgs/Odometry.h
Symlinking /home/flag/Jiangyin2026/devel/include/quadrotor_msgs/GoalSet.h
Symlinking /home/flag/Jiangyin2026/devel/include/quadrotor_msgs/SO3Command.h
Symlinking /home/flag/Jiangyin2026/devel/include/quadrotor_msgs/TRPYCommand.h
Symlinking /home/flag/Jiangyin2026/devel/include/quadrotor_msgs/PositionCommand.h
Symlinking /home/flag/Jiangyin2026/devel/include/quadrotor_msgs/LQRTrajectory.h
Symlinking /home/flag/Jiangyin2026/devel/include/quadrotor_msgs/Corrections.h
Symlinking /home/flag/Jiangyin2026/devel/include/quadrotor_msgs/Gains.h
Symlinking /home/flag/Jiangyin2026/devel/include/quadrotor_msgs/PPROutputData.h
