Scanning dependencies of target nav_msgs_generate_messages_cpp
Scanning dependencies of target _quadrotor_msgs_generate_messages_check_deps_LQRTrajectory
Scanning dependencies of target _quadrotor_msgs_generate_messages_check_deps_Odometry
Scanning dependencies of target _quadrotor_msgs_generate_messages_check_deps_AuxCommand
Scanning dependencies of target _quadrotor_msgs_generate_messages_check_deps_Corrections
Scanning dependencies of target _quadrotor_msgs_generate_messages_check_deps_StatusData
Scanning dependencies of target _quadrotor_msgs_generate_messages_check_deps_OutputData
[  0%] Built target nav_msgs_generate_messages_cpp
Scanning dependencies of target geometry_msgs_generate_messages_cpp
Scanning dependencies of target _quadrotor_msgs_generate_messages_check_deps_Gains
Scanning dependencies of target _quadrotor_msgs_generate_messages_check_deps_PPROutputData
Scanning dependencies of target _quadrotor_msgs_generate_messages_check_deps_PositionCommand
[  0%] Built target _quadrotor_msgs_generate_messages_check_deps_LQRTrajectory
[  0%] Built target _quadrotor_msgs_generate_messages_check_deps_AuxCommand
[  0%] Built target _quadrotor_msgs_generate_messages_check_deps_Odometry
[  0%] Built target _quadrotor_msgs_generate_messages_check_deps_Corrections
[  0%] Built target _quadrotor_msgs_generate_messages_check_deps_StatusData
[  0%] Built target geometry_msgs_generate_messages_cpp
Scanning dependencies of target _quadrotor_msgs_generate_messages_check_deps_PolynomialTrajectory
Scanning dependencies of target _quadrotor_msgs_generate_messages_check_deps_TRPYCommand
Scanning dependencies of target nav_msgs_generate_messages_py
Scanning dependencies of target _quadrotor_msgs_generate_messages_check_deps_GoalSet
Scanning dependencies of target _quadrotor_msgs_generate_messages_check_deps_SO3Command
Scanning dependencies of target _quadrotor_msgs_generate_messages_check_deps_Serial
[  0%] Built target _quadrotor_msgs_generate_messages_check_deps_OutputData
[  0%] Built target _quadrotor_msgs_generate_messages_check_deps_PPROutputData
[  0%] Built target _quadrotor_msgs_generate_messages_check_deps_Gains
[  0%] Built target _quadrotor_msgs_generate_messages_check_deps_PositionCommand
Scanning dependencies of target geometry_msgs_generate_messages_py
[  0%] Built target nav_msgs_generate_messages_py
[  0%] Built target _quadrotor_msgs_generate_messages_check_deps_PolynomialTrajectory
Scanning dependencies of target nav_msgs_generate_messages_nodejs
[  0%] Built target geometry_msgs_generate_messages_py
[  0%] Built target _quadrotor_msgs_generate_messages_check_deps_TRPYCommand
[  0%] Built target _quadrotor_msgs_generate_messages_check_deps_Serial
Scanning dependencies of target geometry_msgs_generate_messages_nodejs
[  0%] Built target nav_msgs_generate_messages_nodejs
Scanning dependencies of target geometry_msgs_generate_messages_eus
[  0%] Built target _quadrotor_msgs_generate_messages_check_deps_GoalSet
Scanning dependencies of target nav_msgs_generate_messages_lisp
Scanning dependencies of target geometry_msgs_generate_messages_lisp
[  0%] Built target _quadrotor_msgs_generate_messages_check_deps_SO3Command
[  0%] Built target geometry_msgs_generate_messages_nodejs
Scanning dependencies of target nav_msgs_generate_messages_eus
[  0%] Built target geometry_msgs_generate_messages_eus
[  0%] Built target nav_msgs_generate_messages_lisp
[  0%] Built target geometry_msgs_generate_messages_lisp
Scanning dependencies of target quadrotor_msgs_generate_messages_nodejs
Scanning dependencies of target quadrotor_msgs_generate_messages_py
[  0%] Built target nav_msgs_generate_messages_eus
Scanning dependencies of target quadrotor_msgs_generate_messages_cpp
[  2%] Generating Python from MSG quadrotor_msgs/OutputData
[  2%] Generating Javascript code from quadrotor_msgs/Gains.msg
Scanning dependencies of target quadrotor_msgs_generate_messages_lisp
[  5%] Generating Javascript code from quadrotor_msgs/AuxCommand.msg
[  5%] Generating Python from MSG quadrotor_msgs/Gains
[  6%] Generating Python from MSG quadrotor_msgs/Corrections
[  9%] Generating Javascript code from quadrotor_msgs/Corrections.msg
[  9%] Generating Python from MSG quadrotor_msgs/AuxCommand
[ 10%] Generating Javascript code from quadrotor_msgs/OutputData.msg
[ 11%] Generating C++ code from quadrotor_msgs/AuxCommand.msg
[ 13%] Generating Lisp code from quadrotor_msgs/AuxCommand.msg
[ 14%] Generating Python from MSG quadrotor_msgs/PositionCommand
[ 15%] Generating Python from MSG quadrotor_msgs/PPROutputData
[ 17%] Generating Javascript code from quadrotor_msgs/PositionCommand.msg
[ 18%] Generating Lisp code from quadrotor_msgs/Corrections.msg
[ 19%] Generating Javascript code from quadrotor_msgs/PPROutputData.msg
[ 21%] Generating Javascript code from quadrotor_msgs/Serial.msg
[ 22%] Generating C++ code from quadrotor_msgs/Corrections.msg
[ 23%] Generating Python from MSG quadrotor_msgs/Serial
[ 25%] Generating Lisp code from quadrotor_msgs/Gains.msg
[ 26%] Generating Lisp code from quadrotor_msgs/OutputData.msg
[ 27%] Generating Javascript code from quadrotor_msgs/SO3Command.msg
[ 28%] Generating C++ code from quadrotor_msgs/Gains.msg
[ 30%] Generating C++ code from quadrotor_msgs/OutputData.msg
[ 31%] Generating Python from MSG quadrotor_msgs/SO3Command
[ 32%] Generating Python from MSG quadrotor_msgs/StatusData
[ 34%] Generating Lisp code from quadrotor_msgs/PositionCommand.msg
[ 35%] Generating Python from MSG quadrotor_msgs/TRPYCommand
[ 36%] Generating C++ code from quadrotor_msgs/PositionCommand.msg
[ 38%] Generating Javascript code from quadrotor_msgs/StatusData.msg
[ 39%] Generating Lisp code from quadrotor_msgs/PPROutputData.msg
[ 40%] Generating Lisp code from quadrotor_msgs/Serial.msg
[ 42%] Generating Python from MSG quadrotor_msgs/Odometry
[ 43%] Generating Javascript code from quadrotor_msgs/TRPYCommand.msg
[ 44%] Generating Python from MSG quadrotor_msgs/PolynomialTrajectory
[ 46%] Generating Python from MSG quadrotor_msgs/LQRTrajectory
[ 47%] Generating C++ code from quadrotor_msgs/PPROutputData.msg
[ 48%] Generating C++ code from quadrotor_msgs/Serial.msg
[ 50%] Generating Javascript code from quadrotor_msgs/Odometry.msg
[ 51%] Generating Lisp code from quadrotor_msgs/SO3Command.msg
[ 52%] Generating C++ code from quadrotor_msgs/SO3Command.msg
[ 53%] Generating C++ code from quadrotor_msgs/StatusData.msg
[ 55%] Generating Lisp code from quadrotor_msgs/StatusData.msg
[ 56%] Generating Javascript code from quadrotor_msgs/PolynomialTrajectory.msg
[ 57%] Generating Javascript code from quadrotor_msgs/LQRTrajectory.msg
[ 59%] Generating C++ code from quadrotor_msgs/Odometry.msg
[ 60%] Generating C++ code from quadrotor_msgs/TRPYCommand.msg
[ 61%] Generating Lisp code from quadrotor_msgs/TRPYCommand.msg
[ 63%] Generating Javascript code from quadrotor_msgs/GoalSet.msg
Scanning dependencies of target quadrotor_msgs_generate_messages_eus
[ 64%] Generating C++ code from quadrotor_msgs/PolynomialTrajectory.msg
[ 65%] Generating EusLisp code from quadrotor_msgs/AuxCommand.msg
[ 67%] Generating Lisp code from quadrotor_msgs/Odometry.msg
[ 68%] Generating Python from MSG quadrotor_msgs/GoalSet
[ 68%] Built target quadrotor_msgs_generate_messages_nodejs
[ 69%] Generating C++ code from quadrotor_msgs/LQRTrajectory.msg
[ 71%] Generating C++ code from quadrotor_msgs/GoalSet.msg
[ 72%] Generating Lisp code from quadrotor_msgs/PolynomialTrajectory.msg
[ 73%] Generating EusLisp code from quadrotor_msgs/Corrections.msg
[ 75%] Generating EusLisp code from quadrotor_msgs/Gains.msg
[ 76%] Generating Lisp code from quadrotor_msgs/LQRTrajectory.msg
[ 77%] Generating Lisp code from quadrotor_msgs/GoalSet.msg
[ 78%] Generating EusLisp code from quadrotor_msgs/OutputData.msg
[ 80%] Generating EusLisp code from quadrotor_msgs/PositionCommand.msg
[ 81%] Generating EusLisp code from quadrotor_msgs/PPROutputData.msg
[ 82%] Generating EusLisp code from quadrotor_msgs/Serial.msg
[ 82%] Built target quadrotor_msgs_generate_messages_lisp
[ 82%] Built target quadrotor_msgs_generate_messages_cpp
[ 84%] Generating Python msg __init__.py for quadrotor_msgs
[ 85%] Generating EusLisp code from quadrotor_msgs/SO3Command.msg
[ 86%] Generating EusLisp code from quadrotor_msgs/StatusData.msg
[ 88%] Generating EusLisp code from quadrotor_msgs/TRPYCommand.msg
Scanning dependencies of target decode_msgs
Scanning dependencies of target encode_msgs
[ 89%] Generating EusLisp code from quadrotor_msgs/Odometry.msg
[ 90%] Building CXX object CMakeFiles/decode_msgs.dir/src/decode_msgs.cpp.o
[ 90%] Built target quadrotor_msgs_generate_messages_py
[ 92%] Generating EusLisp code from quadrotor_msgs/PolynomialTrajectory.msg
[ 93%] Building CXX object CMakeFiles/encode_msgs.dir/src/encode_msgs.cpp.o
[ 94%] Generating EusLisp code from quadrotor_msgs/LQRTrajectory.msg
[ 96%] Generating EusLisp code from quadrotor_msgs/GoalSet.msg
[ 97%] Generating EusLisp manifest code for quadrotor_msgs
[ 97%] Built target quadrotor_msgs_generate_messages_eus
Scanning dependencies of target quadrotor_msgs_generate_messages
[ 97%] Built target quadrotor_msgs_generate_messages
[ 98%] Linking CXX shared library /home/flag/Jiangyin2026/devel/.private/quadrotor_msgs/lib/libencode_msgs.so
[ 98%] Built target encode_msgs
[100%] Linking CXX shared library /home/flag/Jiangyin2026/devel/.private/quadrotor_msgs/lib/libdecode_msgs.so
[100%] Built target decode_msgs
